<html>
<body>
<pre>
<h1>µVision Build Log</h1>
<h2>Project:</h2>
C:\Users\yimin\Desktop\mini-project-4-YiminGao0113\minproj4.uvproj
Project File Date:  11/19/2021

<h2>Output:</h2>
Build target 'Target 1'
linking...
Program Size: Code=11478 RO-data=1438 RW-data=216 ZI-data=10024  
".\minproj4.axf" - 0 Error(s), 0 Warning(s).
Load "C:\\Users\\yimin\\Desktop\\mini-project-4-YiminGao0113\\minproj4.axf" 
Connecting: Mode=JTAG, Speed=1000000Hz
Erase Done.
Programming Done.
Verify OK.
</pre>
</body>
</html>
