ARM Linker, 5.03 [Build 76] [MDK-ARM Lite]

==============================================================================

Section Cross References

    fifo.o(.text) refers to startup.o(.text) for StartCritical
    fifo.o(.text) refers to fifo.o(.bss) for RxFifo
    fifo.o(.text) refers to fifo.o(.data) for RxGetPt
    lcd.o(.text) refers to lcd.o(.emb_text) for parrotdelay
    lcd.o(.text) refers to lcd.o(.data) for RowStart
    lcd.o(.text) refers to lcd.o(.constdata) for Rcmd1
    lcd.o(.text) refers to lcd.o(.bss) for Message
    main.o(.text) refers to lcd.o(.text) for BSP_LCD_FillScreen
    main.o(.text) refers to joystick.o(.text) for BSP_Joystick_Input
    main.o(.text) refers to fifo.o(.text) for RxFifo_Put
    main.o(.text) refers to pll.o(.text) for PLL_Init
    main.o(.text) refers to os.o(.text) for OS_AddPeriodicThread
    main.o(.text) refers to main.o(.data) for select
    os.o(.text) refers to startup.o(.text) for StartCritical
    os.o(.text) refers to os.o(.data) for PeriodicTask
    startup.o(RESET) refers to startup.o(STACK) for StackMem
    startup.o(RESET) refers to os.o(.text) for Timer1A_Handler
    startup.o(RESET) refers to entry.o(.ARM.Collect$$$$00000000) for __main
    entry.o(.ARM.Collect$$$$00000000) refers (Special) to entry10a.o(.ARM.Collect$$$$0000000D) for __rt_final_cpp
    entry.o(.ARM.Collect$$$$00000000) refers (Special) to entry11a.o(.ARM.Collect$$$$0000000F) for __rt_final_exit
    entry.o(.ARM.Collect$$$$00000000) refers (Special) to entry7b.o(.ARM.Collect$$$$00000008) for _main_clock
    entry.o(.ARM.Collect$$$$00000000) refers (Special) to entry8b.o(.ARM.Collect$$$$0000000A) for _main_cpp_init
    entry.o(.ARM.Collect$$$$00000000) refers (Special) to entry9a.o(.ARM.Collect$$$$0000000B) for _main_init
    entry.o(.ARM.Collect$$$$00000000) refers (Special) to entry5.o(.ARM.Collect$$$$00000004) for _main_scatterload
    entry.o(.ARM.Collect$$$$00000000) refers (Special) to entry2.o(.ARM.Collect$$$$00000001) for _main_stk
    entry2.o(.ARM.Collect$$$$00000001) refers to entry2.o(.ARM.Collect$$$$00002712) for __lit__00000000
    entry2.o(.ARM.Collect$$$$00002712) refers to startup.o(STACK) for __initial_sp
    entry2.o(__vectab_stack_and_reset_area) refers to startup.o(STACK) for __initial_sp
    entry2.o(__vectab_stack_and_reset_area) refers to entry.o(.ARM.Collect$$$$00000000) for __main
    entry5.o(.ARM.Collect$$$$00000004) refers to init.o(.text) for __scatterload
    entry9a.o(.ARM.Collect$$$$0000000B) refers to main.o(.text) for main
    entry9b.o(.ARM.Collect$$$$0000000C) refers to main.o(.text) for main
    init.o(.text) refers to entry5.o(.ARM.Collect$$$$00000004) for __main_after_scatterload


==============================================================================

Removing Unused input sections from the image.

    Removing porte.o(.text), (104 bytes).
    Removing startup.o(HEAP), (0 bytes).

2 unused section(s) (total 104 bytes) removed from the image.

==============================================================================

Image Symbol Table

    Local Symbols

    Symbol Name                              Value     Ov Type        Size  Object(Section)

    RESET                                    0x00000000   Section      644  startup.o(RESET)
    ../clib/microlib/init/entry.s            0x00000000   Number         0  entry11b.o ABSOLUTE
    ../clib/microlib/init/entry.s            0x00000000   Number         0  entry11a.o ABSOLUTE
    ../clib/microlib/init/entry.s            0x00000000   Number         0  entry10b.o ABSOLUTE
    ../clib/microlib/init/entry.s            0x00000000   Number         0  entry10a.o ABSOLUTE
    ../clib/microlib/init/entry.s            0x00000000   Number         0  entry9b.o ABSOLUTE
    ../clib/microlib/init/entry.s            0x00000000   Number         0  entry9a.o ABSOLUTE
    ../clib/microlib/init/entry.s            0x00000000   Number         0  entry8b.o ABSOLUTE
    ../clib/microlib/init/entry.s            0x00000000   Number         0  entry8a.o ABSOLUTE
    ../clib/microlib/init/entry.s            0x00000000   Number         0  entry7b.o ABSOLUTE
    ../clib/microlib/init/entry.s            0x00000000   Number         0  entry7a.o ABSOLUTE
    ../clib/microlib/init/entry.s            0x00000000   Number         0  entry5.o ABSOLUTE
    ../clib/microlib/init/entry.s            0x00000000   Number         0  entry.o ABSOLUTE
    ../clib/microlib/init/entry.s            0x00000000   Number         0  entry2.o ABSOLUTE
    FIFO.c                                   0x00000000   Number         0  fifo.o ABSOLUTE
    LCD.c                                    0x00000000   Number         0  lcd.o ABSOLUTE
    LCD.c                                    0x00000000   Number         0  lcd.o ABSOLUTE
    Main.c                                   0x00000000   Number         0  main.o ABSOLUTE
    PLL.c                                    0x00000000   Number         0  pll.o ABSOLUTE
    PORTE.c                                  0x00000000   Number         0  porte.o ABSOLUTE
    dc.s                                     0x00000000   Number         0  dc.o ABSOLUTE
    handlers.s                               0x00000000   Number         0  handlers.o ABSOLUTE
    init.s                                   0x00000000   Number         0  init.o ABSOLUTE
    joystick.c                               0x00000000   Number         0  joystick.o ABSOLUTE
    os.c                                     0x00000000   Number         0  os.o ABSOLUTE
    startup.s                                0x00000000   Number         0  startup.o ABSOLUTE
    .ARM.Collect$$$$00000000                 0x00000284   Section        0  entry.o(.ARM.Collect$$$$00000000)
    .ARM.Collect$$$$00000001                 0x00000284   Section        4  entry2.o(.ARM.Collect$$$$00000001)
    .ARM.Collect$$$$00000004                 0x00000288   Section        4  entry5.o(.ARM.Collect$$$$00000004)
    .ARM.Collect$$$$00000008                 0x0000028c   Section        0  entry7b.o(.ARM.Collect$$$$00000008)
    .ARM.Collect$$$$0000000A                 0x0000028c   Section        0  entry8b.o(.ARM.Collect$$$$0000000A)
    .ARM.Collect$$$$0000000B                 0x0000028c   Section        8  entry9a.o(.ARM.Collect$$$$0000000B)
    .ARM.Collect$$$$0000000D                 0x00000294   Section        0  entry10a.o(.ARM.Collect$$$$0000000D)
    .ARM.Collect$$$$0000000F                 0x00000294   Section        0  entry11a.o(.ARM.Collect$$$$0000000F)
    .ARM.Collect$$$$00002712                 0x00000294   Section        4  entry2.o(.ARM.Collect$$$$00002712)
    __lit__00000000                          0x00000294   Data           4  entry2.o(.ARM.Collect$$$$00002712)
    .emb_text                                0x00000298   Section        6  lcd.o(.emb_text)
    .text                                    0x000002a0   Section        0  fifo.o(.text)
    .text                                    0x0000036c   Section        0  joystick.o(.text)
    adcinit                                  0x0000036d   Thumb Code    56  joystick.o(.text)
    .text                                    0x00000510   Section        0  lcd.o(.text)
    writecommand                             0x00000511   Thumb Code    60  lcd.o(.text)
    writedata                                0x0000054d   Thumb Code    62  lcd.o(.text)
    commandList                              0x000005a1   Thumb Code    86  lcd.o(.text)
    commonInit                               0x000005f7   Thumb Code   450  lcd.o(.text)
    setAddrWindow                            0x000007b9   Thumb Code   106  lcd.o(.text)
    ST7735_InitR                             0x00000949   Thumb Code    86  lcd.o(.text)
    pushColor                                0x000009a9   Thumb Code    18  lcd.o(.text)
    fillmessage                              0x00000e8b   Thumb Code    64  lcd.o(.text)
    fillmessage4                             0x00000ecb   Thumb Code    90  lcd.o(.text)
    fillmessage5                             0x00000f25   Thumb Code   116  lcd.o(.text)
    fillmessage2_1                           0x00000f99   Thumb Code    84  lcd.o(.text)
    fillmessage2_Hex                         0x00000fed   Thumb Code    80  lcd.o(.text)
    .text                                    0x000014c0   Section        0  main.o(.text)
    .text                                    0x0000164c   Section        0  os.o(.text)
    .text                                    0x00001704   Section        0  pll.o(.text)
    .text                                    0x00001780   Section       28  startup.o(.text)
    .text                                    0x0000179c   Section       36  init.o(.text)
    i.__scatterload_copy                     0x000017c0   Section       14  handlers.o(i.__scatterload_copy)
    i.__scatterload_null                     0x000017ce   Section        2  handlers.o(i.__scatterload_null)
    i.__scatterload_zeroinit                 0x000017d0   Section       14  handlers.o(i.__scatterload_zeroinit)
    .constdata                               0x000017de   Section     1403  lcd.o(.constdata)
    Font                                     0x000017de   Data        1275  lcd.o(.constdata)
    Rcmd1                                    0x00001cd9   Data          59  lcd.o(.constdata)
    Rcmd2green                               0x00001d14   Data          13  lcd.o(.constdata)
    Rcmd2red                                 0x00001d21   Data          13  lcd.o(.constdata)
    Rcmd3                                    0x00001d2e   Data          43  lcd.o(.constdata)
    .data                                    0x20000000   Section        8  fifo.o(.data)
    .data                                    0x20000008   Section       38  lcd.o(.data)
    _width                                   0x20000012   Data           2  lcd.o(.data)
    _height                                  0x20000014   Data           2  lcd.o(.data)
    ColStart                                 0x20000016   Data           1  lcd.o(.data)
    RowStart                                 0x20000017   Data           1  lcd.o(.data)
    .data                                    0x20000030   Section       20  main.o(.data)
    .data                                    0x20000044   Section        4  os.o(.data)
    .bss                                     0x20000048   Section      512  fifo.o(.bss)
    RxFifo                                   0x20000048   Data         512  fifo.o(.bss)
    .bss                                     0x20000248   Section       12  lcd.o(.bss)
    STACK                                    0x20000258   Section     1024  startup.o(STACK)
    StackMem                                 0x20000258   Data           0  startup.o(STACK)

    Global Symbols

    Symbol Name                              Value     Ov Type        Size  Object(Section)

    BuildAttributes$$THM_ISAv4$E$P$D$K$B$S$7EM$PE$A:L22UL41UL21$X:L11$S22US41US21$IEEE1$IW$USESV6$~STKCKD$USESV7$~SHL$OSPACE$EBA8$MICROLIB$REQ8$PRES8$EABIv2 0x00000000   Number         0  anon$$obj.o ABSOLUTE
    __ARM_use_no_argv                        0x00000000   Number         0  main.o ABSOLUTE
    __Vectors                                0x00000000   Data           0  startup.o(RESET)
    __cpp_initialize__aeabi_                  - Undefined Weak Reference
    __cxa_finalize                            - Undefined Weak Reference
    __decompress                              - Undefined Weak Reference
    _clock_init                               - Undefined Weak Reference
    _microlib_exit                            - Undefined Weak Reference
    Reset_Handler                            0x0000026d   Thumb Code     0  startup.o(RESET)
    NMI_Handler                              0x00000271   Thumb Code     2  startup.o(RESET)
    HardFault_Handler                        0x00000273   Thumb Code     2  startup.o(RESET)
    MemManage_Handler                        0x00000275   Thumb Code     2  startup.o(RESET)
    BusFault_Handler                         0x00000277   Thumb Code     2  startup.o(RESET)
    UsageFault_Handler                       0x00000279   Thumb Code     2  startup.o(RESET)
    SVC_Handler                              0x0000027b   Thumb Code     2  startup.o(RESET)
    DebugMon_Handler                         0x0000027d   Thumb Code     2  startup.o(RESET)
    PendSV_Handler                           0x0000027f   Thumb Code     2  startup.o(RESET)
    SysTick_Handler                          0x00000281   Thumb Code     2  startup.o(RESET)
    ADC0Seq0_Handler                         0x00000283   Thumb Code     0  startup.o(RESET)
    ADC0Seq1_Handler                         0x00000283   Thumb Code     0  startup.o(RESET)
    ADC0Seq2_Handler                         0x00000283   Thumb Code     0  startup.o(RESET)
    ADC0Seq3_Handler                         0x00000283   Thumb Code     0  startup.o(RESET)
    ADC1Seq0_Handler                         0x00000283   Thumb Code     0  startup.o(RESET)
    ADC1Seq1_Handler                         0x00000283   Thumb Code     0  startup.o(RESET)
    ADC1Seq2_Handler                         0x00000283   Thumb Code     0  startup.o(RESET)
    ADC1Seq3_Handler                         0x00000283   Thumb Code     0  startup.o(RESET)
    CAN0_Handler                             0x00000283   Thumb Code     0  startup.o(RESET)
    CAN1_Handler                             0x00000283   Thumb Code     0  startup.o(RESET)
    CAN2_Handler                             0x00000283   Thumb Code     0  startup.o(RESET)
    Comp0_Handler                            0x00000283   Thumb Code     0  startup.o(RESET)
    Comp1_Handler                            0x00000283   Thumb Code     0  startup.o(RESET)
    Comp2_Handler                            0x00000283   Thumb Code     0  startup.o(RESET)
    Ethernet_Handler                         0x00000283   Thumb Code     0  startup.o(RESET)
    ExtBus_Handler                           0x00000283   Thumb Code     0  startup.o(RESET)
    FPU_Handler                              0x00000283   Thumb Code     0  startup.o(RESET)
    Fan0_Handler                             0x00000283   Thumb Code     0  startup.o(RESET)
    FlashCtl_Handler                         0x00000283   Thumb Code     0  startup.o(RESET)
    GPIOPortA_Handler                        0x00000283   Thumb Code     0  startup.o(RESET)
    GPIOPortB_Handler                        0x00000283   Thumb Code     0  startup.o(RESET)
    GPIOPortC_Handler                        0x00000283   Thumb Code     0  startup.o(RESET)
    GPIOPortD_Handler                        0x00000283   Thumb Code     0  startup.o(RESET)
    GPIOPortE_Handler                        0x00000283   Thumb Code     0  startup.o(RESET)
    GPIOPortF_Handler                        0x00000283   Thumb Code     0  startup.o(RESET)
    GPIOPortG_Handler                        0x00000283   Thumb Code     0  startup.o(RESET)
    GPIOPortH_Handler                        0x00000283   Thumb Code     0  startup.o(RESET)
    GPIOPortJ_Handler                        0x00000283   Thumb Code     0  startup.o(RESET)
    GPIOPortK_Handler                        0x00000283   Thumb Code     0  startup.o(RESET)
    GPIOPortL_Handler                        0x00000283   Thumb Code     0  startup.o(RESET)
    GPIOPortM_Handler                        0x00000283   Thumb Code     0  startup.o(RESET)
    GPIOPortN_Handler                        0x00000283   Thumb Code     0  startup.o(RESET)
    GPIOPortP1_Handler                       0x00000283   Thumb Code     0  startup.o(RESET)
    GPIOPortP2_Handler                       0x00000283   Thumb Code     0  startup.o(RESET)
    GPIOPortP3_Handler                       0x00000283   Thumb Code     0  startup.o(RESET)
    GPIOPortP4_Handler                       0x00000283   Thumb Code     0  startup.o(RESET)
    GPIOPortP5_Handler                       0x00000283   Thumb Code     0  startup.o(RESET)
    GPIOPortP6_Handler                       0x00000283   Thumb Code     0  startup.o(RESET)
    GPIOPortP7_Handler                       0x00000283   Thumb Code     0  startup.o(RESET)
    GPIOPortP_Handler                        0x00000283   Thumb Code     0  startup.o(RESET)
    GPIOPortQ1_Handler                       0x00000283   Thumb Code     0  startup.o(RESET)
    GPIOPortQ2_Handler                       0x00000283   Thumb Code     0  startup.o(RESET)
    GPIOPortQ3_Handler                       0x00000283   Thumb Code     0  startup.o(RESET)
    GPIOPortQ4_Handler                       0x00000283   Thumb Code     0  startup.o(RESET)
    GPIOPortQ5_Handler                       0x00000283   Thumb Code     0  startup.o(RESET)
    GPIOPortQ6_Handler                       0x00000283   Thumb Code     0  startup.o(RESET)
    GPIOPortQ7_Handler                       0x00000283   Thumb Code     0  startup.o(RESET)
    GPIOPortQ_Handler                        0x00000283   Thumb Code     0  startup.o(RESET)
    GPIOPortR_Handler                        0x00000283   Thumb Code     0  startup.o(RESET)
    GPIOPortS_Handler                        0x00000283   Thumb Code     0  startup.o(RESET)
    Hibernate_Handler                        0x00000283   Thumb Code     0  startup.o(RESET)
    I2C0_Handler                             0x00000283   Thumb Code     0  startup.o(RESET)
    I2C1_Handler                             0x00000283   Thumb Code     0  startup.o(RESET)
    I2C2_Handler                             0x00000283   Thumb Code     0  startup.o(RESET)
    I2C3_Handler                             0x00000283   Thumb Code     0  startup.o(RESET)
    I2C4_Handler                             0x00000283   Thumb Code     0  startup.o(RESET)
    I2C5_Handler                             0x00000283   Thumb Code     0  startup.o(RESET)
    I2S0_Handler                             0x00000283   Thumb Code     0  startup.o(RESET)
    LPC0_Handler                             0x00000283   Thumb Code     0  startup.o(RESET)
    PECI0_Handler                            0x00000283   Thumb Code     0  startup.o(RESET)
    PWM0Fault_Handler                        0x00000283   Thumb Code     0  startup.o(RESET)
    PWM0Generator0_Handler                   0x00000283   Thumb Code     0  startup.o(RESET)
    PWM0Generator1_Handler                   0x00000283   Thumb Code     0  startup.o(RESET)
    PWM0Generator2_Handler                   0x00000283   Thumb Code     0  startup.o(RESET)
    PWM0Generator3_Handler                   0x00000283   Thumb Code     0  startup.o(RESET)
    PWM1Fault_Handler                        0x00000283   Thumb Code     0  startup.o(RESET)
    PWM1Generator0_Handler                   0x00000283   Thumb Code     0  startup.o(RESET)
    PWM1Generator1_Handler                   0x00000283   Thumb Code     0  startup.o(RESET)
    PWM1Generator2_Handler                   0x00000283   Thumb Code     0  startup.o(RESET)
    PWM1Generator3_Handler                   0x00000283   Thumb Code     0  startup.o(RESET)
    Quadrature0_Handler                      0x00000283   Thumb Code     0  startup.o(RESET)
    Quadrature1_Handler                      0x00000283   Thumb Code     0  startup.o(RESET)
    Quadrature2_Handler                      0x00000283   Thumb Code     0  startup.o(RESET)
    SSI0_Handler                             0x00000283   Thumb Code     0  startup.o(RESET)
    SSI1_Handler                             0x00000283   Thumb Code     0  startup.o(RESET)
    SSI2_Handler                             0x00000283   Thumb Code     0  startup.o(RESET)
    SSI3_Handler                             0x00000283   Thumb Code     0  startup.o(RESET)
    SysCtl_Handler                           0x00000283   Thumb Code     0  startup.o(RESET)
    Timer0A_Handler                          0x00000283   Thumb Code     0  startup.o(RESET)
    Timer0B_Handler                          0x00000283   Thumb Code     0  startup.o(RESET)
    Timer1B_Handler                          0x00000283   Thumb Code     0  startup.o(RESET)
    Timer2A_Handler                          0x00000283   Thumb Code     0  startup.o(RESET)
    Timer2B_Handler                          0x00000283   Thumb Code     0  startup.o(RESET)
    Timer3A_Handler                          0x00000283   Thumb Code     0  startup.o(RESET)
    Timer3B_Handler                          0x00000283   Thumb Code     0  startup.o(RESET)
    Timer4A_Handler                          0x00000283   Thumb Code     0  startup.o(RESET)
    Timer4B_Handler                          0x00000283   Thumb Code     0  startup.o(RESET)
    Timer5A_Handler                          0x00000283   Thumb Code     0  startup.o(RESET)
    Timer5B_Handler                          0x00000283   Thumb Code     0  startup.o(RESET)
    UART0_Handler                            0x00000283   Thumb Code     0  startup.o(RESET)
    UART1_Handler                            0x00000283   Thumb Code     0  startup.o(RESET)
    UART2_Handler                            0x00000283   Thumb Code     0  startup.o(RESET)
    UART3_Handler                            0x00000283   Thumb Code     0  startup.o(RESET)
    UART4_Handler                            0x00000283   Thumb Code     0  startup.o(RESET)
    UART5_Handler                            0x00000283   Thumb Code     0  startup.o(RESET)
    UART6_Handler                            0x00000283   Thumb Code     0  startup.o(RESET)
    UART7_Handler                            0x00000283   Thumb Code     0  startup.o(RESET)
    USB0_Handler                             0x00000283   Thumb Code     0  startup.o(RESET)
    WDT_Handler                              0x00000283   Thumb Code     0  startup.o(RESET)
    WideTimer0A_Handler                      0x00000283   Thumb Code     0  startup.o(RESET)
    WideTimer0B_Handler                      0x00000283   Thumb Code     0  startup.o(RESET)
    WideTimer1A_Handler                      0x00000283   Thumb Code     0  startup.o(RESET)
    WideTimer1B_Handler                      0x00000283   Thumb Code     0  startup.o(RESET)
    WideTimer2A_Handler                      0x00000283   Thumb Code     0  startup.o(RESET)
    WideTimer2B_Handler                      0x00000283   Thumb Code     0  startup.o(RESET)
    WideTimer3A_Handler                      0x00000283   Thumb Code     0  startup.o(RESET)
    WideTimer3B_Handler                      0x00000283   Thumb Code     0  startup.o(RESET)
    WideTimer4A_Handler                      0x00000283   Thumb Code     0  startup.o(RESET)
    WideTimer4B_Handler                      0x00000283   Thumb Code     0  startup.o(RESET)
    WideTimer5A_Handler                      0x00000283   Thumb Code     0  startup.o(RESET)
    WideTimer5B_Handler                      0x00000283   Thumb Code     0  startup.o(RESET)
    uDMA_Error                               0x00000283   Thumb Code     0  startup.o(RESET)
    uDMA_Handler                             0x00000283   Thumb Code     0  startup.o(RESET)
    __main                                   0x00000285   Thumb Code     0  entry.o(.ARM.Collect$$$$00000000)
    _main_stk                                0x00000285   Thumb Code     0  entry2.o(.ARM.Collect$$$$00000001)
    _main_scatterload                        0x00000289   Thumb Code     0  entry5.o(.ARM.Collect$$$$00000004)
    __main_after_scatterload                 0x0000028d   Thumb Code     0  entry5.o(.ARM.Collect$$$$00000004)
    _main_clock                              0x0000028d   Thumb Code     0  entry7b.o(.ARM.Collect$$$$00000008)
    _main_cpp_init                           0x0000028d   Thumb Code     0  entry8b.o(.ARM.Collect$$$$0000000A)
    _main_init                               0x0000028d   Thumb Code     0  entry9a.o(.ARM.Collect$$$$0000000B)
    __rt_final_cpp                           0x00000295   Thumb Code     0  entry10a.o(.ARM.Collect$$$$0000000D)
    __rt_final_exit                          0x00000295   Thumb Code     0  entry11a.o(.ARM.Collect$$$$0000000F)
    parrotdelay                              0x00000299   Thumb Code     6  lcd.o(.emb_text)
    RxFifo_Init                              0x000002a1   Thumb Code    26  fifo.o(.text)
    RxFifo_Put                               0x000002bb   Thumb Code    56  fifo.o(.text)
    RxFifo_Get                               0x000002f3   Thumb Code    56  fifo.o(.text)
    RxFifo_Size                              0x0000032b   Thumb Code    50  fifo.o(.text)
    BSP_Joystick_Init                        0x000003a5   Thumb Code   274  joystick.o(.text)
    BSP_Joystick_Input                       0x000004b7   Thumb Code    46  joystick.o(.text)
    BSP_Delay1ms                             0x0000058b   Thumb Code    22  lcd.o(.text)
    BSP_LCD_FillRect                         0x00000823   Thumb Code   164  lcd.o(.text)
    BSP_LCD_FillScreen                       0x000008c7   Thumb Code    28  lcd.o(.text)
    BSP_LCD_SetCursor                        0x000008e3   Thumb Code   102  lcd.o(.text)
    BSP_LCD_Init                             0x0000099f   Thumb Code    10  lcd.o(.text)
    BSP_LCD_DrawPixel                        0x000009bb   Thumb Code    64  lcd.o(.text)
    BSP_LCD_DrawFastVLine                    0x000009fb   Thumb Code   116  lcd.o(.text)
    BSP_LCD_DrawFastHLine                    0x00000a6f   Thumb Code   116  lcd.o(.text)
    BSP_LCD_Color565                         0x00000ae3   Thumb Code    24  lcd.o(.text)
    BSP_LCD_SwapColor                        0x00000afb   Thumb Code    18  lcd.o(.text)
    BSP_LCD_DrawBitmap                       0x00000b0d   Thumb Code   280  lcd.o(.text)
    BSP_LCD_DrawCharS                        0x00000c25   Thumb Code   232  lcd.o(.text)
    BSP_LCD_DrawChar                         0x00000d0d   Thumb Code   298  lcd.o(.text)
    BSP_LCD_DrawString                       0x00000e37   Thumb Code    84  lcd.o(.text)
    BSP_LCD_OutUDec                          0x0000103d   Thumb Code   120  lcd.o(.text)
    BSP_LCD_OutUDec4                         0x000010b5   Thumb Code   116  lcd.o(.text)
    BSP_LCD_OutUDec5                         0x00001129   Thumb Code   116  lcd.o(.text)
    BSP_LCD_OutUFix2_1                       0x0000119d   Thumb Code   130  lcd.o(.text)
    BSP_LCD_OutUHex2                         0x0000121f   Thumb Code    96  lcd.o(.text)
    BSP_LCD_Drawaxes                         0x0000127f   Thumb Code   270  lcd.o(.text)
    BSP_LCD_PlotPoint                        0x0000138d   Thumb Code    86  lcd.o(.text)
    BSP_LCD_PlotIncrement                    0x000013e3   Thumb Code    46  lcd.o(.text)
    BSP_LCD_Message                          0x00001411   Thumb Code    98  lcd.o(.text)
    BSP_LCD_DrawCrosshair                    0x00001473   Thumb Code    38  lcd.o(.text)
    CrossHair_Init                           0x000014c1   Thumb Code    20  main.o(.text)
    Producer                                 0x000014d5   Thumb Code   158  main.o(.text)
    Consumer                                 0x00001573   Thumb Code   140  main.o(.text)
    main                                     0x000015ff   Thumb Code    42  main.o(.text)
    InitTimer1A                              0x0000164d   Thumb Code   124  os.o(.text)
    Timer1A_Handler                          0x000016c9   Thumb Code    16  os.o(.text)
    OS_AddPeriodicThread                     0x000016d9   Thumb Code    24  os.o(.text)
    PLL_Init                                 0x00001705   Thumb Code   118  pll.o(.text)
    DisableInterrupts                        0x00001781   Thumb Code     0  startup.o(.text)
    EnableInterrupts                         0x00001785   Thumb Code     0  startup.o(.text)
    StartCritical                            0x00001789   Thumb Code     0  startup.o(.text)
    EndCritical                              0x00001791   Thumb Code     0  startup.o(.text)
    WaitForInterrupt                         0x00001797   Thumb Code     0  startup.o(.text)
    __scatterload                            0x0000179d   Thumb Code    28  init.o(.text)
    __scatterload_rt2                        0x0000179d   Thumb Code     0  init.o(.text)
    __scatterload_copy                       0x000017c1   Thumb Code    14  handlers.o(i.__scatterload_copy)
    __scatterload_null                       0x000017cf   Thumb Code     2  handlers.o(i.__scatterload_null)
    __scatterload_zeroinit                   0x000017d1   Thumb Code    14  handlers.o(i.__scatterload_zeroinit)
    Region$$Table$$Base                      0x00001d5c   Number         0  anon$$obj.o(Region$$Table)
    Region$$Table$$Limit                     0x00001d7c   Number         0  anon$$obj.o(Region$$Table)
    RxPutPt                                  0x20000000   Data           4  fifo.o(.data)
    RxGetPt                                  0x20000004   Data           4  fifo.o(.data)
    StX                                      0x20000008   Data           4  lcd.o(.data)
    StY                                      0x2000000c   Data           4  lcd.o(.data)
    StTextColor                              0x20000010   Data           2  lcd.o(.data)
    Messageindex                             0x20000018   Data           4  lcd.o(.data)
    TimeIndex                                0x2000001c   Data           4  lcd.o(.data)
    Ymax                                     0x20000020   Data           4  lcd.o(.data)
    Ymin                                     0x20000024   Data           4  lcd.o(.data)
    Yrange                                   0x20000028   Data           4  lcd.o(.data)
    PlotBGColor                              0x2000002c   Data           2  lcd.o(.data)
    x                                        0x20000030   Data           2  main.o(.data)
    y                                        0x20000032   Data           2  main.o(.data)
    prevx                                    0x20000034   Data           2  main.o(.data)
    prevy                                    0x20000036   Data           2  main.o(.data)
    origin                                   0x20000038   Data           4  main.o(.data)
    select                                   0x2000003c   Data           1  main.o(.data)
    Count                                    0x20000040   Data           4  main.o(.data)
    PeriodicTask                             0x20000044   Data           4  os.o(.data)
    Message                                  0x20000248   Data          12  lcd.o(.bss)
    __initial_sp                             0x20000658   Data           0  startup.o(STACK)



==============================================================================

Memory Map of the image

  Image Entry point : 0x0000026d

  Load Region LR_1 (Base: 0x00000000, Size: 0x00001dc4, Max: 0xffffffff, ABSOLUTE)

    Execution Region ER_RO (Base: 0x00000000, Size: 0x00001d7c, Max: 0xffffffff, ABSOLUTE)

    Base Addr    Size         Type   Attr      Idx    E Section Name        Object

    0x00000000   0x00000284   Code   RO          143  * RESET               startup.o
    0x00000284   0x00000000   Code   RO          150  * .ARM.Collect$$$$00000000  mc_w.l(entry.o)
    0x00000284   0x00000004   Code   RO          153    .ARM.Collect$$$$00000001  mc_w.l(entry2.o)
    0x00000288   0x00000004   Code   RO          156    .ARM.Collect$$$$00000004  mc_w.l(entry5.o)
    0x0000028c   0x00000000   Code   RO          158    .ARM.Collect$$$$00000008  mc_w.l(entry7b.o)
    0x0000028c   0x00000000   Code   RO          160    .ARM.Collect$$$$0000000A  mc_w.l(entry8b.o)
    0x0000028c   0x00000008   Code   RO          161    .ARM.Collect$$$$0000000B  mc_w.l(entry9a.o)
    0x00000294   0x00000000   Code   RO          163    .ARM.Collect$$$$0000000D  mc_w.l(entry10a.o)
    0x00000294   0x00000000   Code   RO          165    .ARM.Collect$$$$0000000F  mc_w.l(entry11a.o)
    0x00000294   0x00000004   Code   RO          154    .ARM.Collect$$$$00002712  mc_w.l(entry2.o)
    0x00000298   0x00000006   Code   RO           40    .emb_text           lcd.o
    0x0000029e   0x00000002   PAD
    0x000002a0   0x000000cc   Code   RO            1    .text               fifo.o
    0x0000036c   0x000001a4   Code   RO           25    .text               joystick.o
    0x00000510   0x00000fb0   Code   RO           41    .text               lcd.o
    0x000014c0   0x0000018c   Code   RO           75    .text               main.o
    0x0000164c   0x000000b8   Code   RO          102    .text               os.o
    0x00001704   0x0000007c   Code   RO          117    .text               pll.o
    0x00001780   0x0000001c   Code   RO          144    .text               startup.o
    0x0000179c   0x00000024   Code   RO          167    .text               mc_w.l(init.o)
    0x000017c0   0x0000000e   Code   RO          171    i.__scatterload_copy  mc_w.l(handlers.o)
    0x000017ce   0x00000002   Code   RO          172    i.__scatterload_null  mc_w.l(handlers.o)
    0x000017d0   0x0000000e   Code   RO          173    i.__scatterload_zeroinit  mc_w.l(handlers.o)
    0x000017de   0x0000057b   Data   RO           43    .constdata          lcd.o
    0x00001d59   0x00000003   PAD
    0x00001d5c   0x00000020   Data   RO          169    Region$$Table       anon$$obj.o


    Execution Region ER_RW (Base: 0x20000000, Size: 0x00000048, Max: 0xffffffff, ABSOLUTE)

    Base Addr    Size         Type   Attr      Idx    E Section Name        Object

    0x20000000   0x00000008   Data   RW            3    .data               fifo.o
    0x20000008   0x00000026   Data   RW           44    .data               lcd.o
    0x2000002e   0x00000002   PAD
    0x20000030   0x00000014   Data   RW           76    .data               main.o
    0x20000044   0x00000004   Data   RW          103    .data               os.o


    Execution Region ER_ZI (Base: 0x20000048, Size: 0x00000610, Max: 0xffffffff, ABSOLUTE)

    Base Addr    Size         Type   Attr      Idx    E Section Name        Object

    0x20000048   0x00000200   Zero   RW            2    .bss                fifo.o
    0x20000248   0x0000000c   Zero   RW           42    .bss                lcd.o
    0x20000254   0x00000004   PAD
    0x20000258   0x00000400   Zero   RW          141    STACK               startup.o


==============================================================================

Image component sizes


      Code (inc. data)   RO Data    RW Data    ZI Data      Debug   Object Name

       204         16          0          8        512       7618   fifo.o
       420         44          0          0          0       1151   joystick.o
      4022        192       1403         38         12      13515   lcd.o
       396         36          0         20          0       1902   main.o
       184         20          0          4          0       1446   os.o
       124          6          0          0          0        415   pll.o
       672        622          0          0       1024        860   startup.o

    ----------------------------------------------------------------------
      6024        936       1438         72       1552      26907   Object Totals
         0          0         32          0          0          0   (incl. Generated)
         2          0          3          2          4          0   (incl. Padding)

    ----------------------------------------------------------------------

      Code (inc. data)   RO Data    RW Data    ZI Data      Debug   Library Member Name

         0          0          0          0          0          0   entry.o
         0          0          0          0          0          0   entry10a.o
         0          0          0          0          0          0   entry11a.o
         8          4          0          0          0          0   entry2.o
         4          0          0          0          0          0   entry5.o
         0          0          0          0          0          0   entry7b.o
         0          0          0          0          0          0   entry8b.o
         8          4          0          0          0          0   entry9a.o
        30          0          0          0          0          0   handlers.o
        36          8          0          0          0         68   init.o

    ----------------------------------------------------------------------
        86         16          0          0          0         68   Library Totals
         0          0          0          0          0          0   (incl. Padding)

    ----------------------------------------------------------------------

      Code (inc. data)   RO Data    RW Data    ZI Data      Debug   Library Name

        86         16          0          0          0         68   mc_w.l

    ----------------------------------------------------------------------
        86         16          0          0          0         68   Library Totals

    ----------------------------------------------------------------------

==============================================================================


      Code (inc. data)   RO Data    RW Data    ZI Data      Debug   

      6110        952       1438         72       1552      26559   Grand Totals
      6110        952       1438         72       1552      26559   ELF Image Totals
      6110        952       1438         72          0          0   ROM Totals

==============================================================================

    Total RO  Size (Code + RO Data)                 7548 (   7.37kB)
    Total RW  Size (RW Data + ZI Data)              1624 (   1.59kB)
    Total ROM Size (Code + RO Data + RW Data)       7620 (   7.44kB)

==============================================================================

