<html>
<body>
<pre>
<h1>µVision Build Log</h1>
<h2>Project:</h2>
C:\Users\yimin\Desktop\Mini Project\mini-project-1-YiminGao0113\proj1.uvproj
Project File Date:  09/18/2021

<h2>Output:</h2>
Build target 'Target 1'
compiling LCD.c...
linking...
Program Size: Code=6110 RO-data=1438 RW-data=72 ZI-data=1552  
".\proj1.axf" - 0 Error(s), 0 Warning(s).
Load "C:\\Users\\yimin\\Desktop\\Mini Project\\mini-project-1-YiminGao0113\\proj1.axf" 
Connecting: Mode=JTAG, Speed=1000000Hz
Erase Done.
Programming Done.
Verify OK.
</pre>
</body>
</html>
