<html>
<body>
<pre>
<h1>µVision Build Log</h1>
<h2>Project:</h2>
E:\2021 Fall\Embedded Computing System\mini-project-0-YiminGao0113\miniproj-0.uvproj
Project File Date:  09/01/2021

<h2>Output:</h2>
Build target 'Target 1'
compiling Main.c...
compiling UART.c...
linking...
Program Size: Code=1204 RO-data=32 RW-data=4 ZI-data=1028  
".\miniproj-0.axf" - 0 Error(s), 0 Warning(s).
Load "E:\\2021 Fall\\Embedded Computing System\\mini-project-0-YiminGao0113\\miniproj-0.axf" 
Connecting: Mode=JTAG, Speed=1000000Hz
Erase Done.
Programming Done.
Verify OK.
